stdin is a terminal device
stdout is a terminal device
